Traceback (most recent call last):
  File "/home/pdong/.conda/envs/myenv/lib/python3.11/site-packages/pandas/core/indexes/base.py", line 3805, in get_loc
    return self._engine.get_loc(casted_key)
           ^^^^^^^^^^^^^^^^^^^^^^^^^^^^^^^^
  File "index.pyx", line 167, in pandas._libs.index.IndexEngine.get_loc
  File "index.pyx", line 196, in pandas._libs.index.IndexEngine.get_loc
  File "pandas/_libs/hashtable_class_helper.pxi", line 7081, in pandas._libs.hashtable.PyObjectHashTable.get_item
  File "pandas/_libs/hashtable_class_helper.pxi", line 7089, in pandas._libs.hashtable.PyObjectHashTable.get_item
KeyError: 'light_curve'

The above exception was the direct cause of the following exception:

Traceback (most recent call last):
  File "/home/pdong/Astro UROP/z New Feature Extraction Pipeline/run_pipeline_on_features.py", line 1105, in <module>
    main()
  File "/home/pdong/Astro UROP/z New Feature Extraction Pipeline/run_pipeline_on_features.py", line 1035, in main
    }) for lc in features_df['light_curve']]
                 ~~~~~~~~~~~^^^^^^^^^^^^^^^
  File "/home/pdong/.conda/envs/myenv/lib/python3.11/site-packages/pandas/core/frame.py", line 4102, in __getitem__
    indexer = self.columns.get_loc(key)
              ^^^^^^^^^^^^^^^^^^^^^^^^^
  File "/home/pdong/.conda/envs/myenv/lib/python3.11/site-packages/pandas/core/indexes/base.py", line 3812, in get_loc
    raise KeyError(key) from err
KeyError: 'light_curve'
