Starting feature extraction pipeline...
Loading light curves...
Processed 10% of files
Processed 20% of files
Processed 30% of files
Processed 40% of files
Processed 50% of files
Processed 60% of files
Processed 70% of files
Processed 80% of files
Processed 90% of files
Processed 100% of files
Successfully loaded 1000 light curves

Processing 1000 light curves for feature extraction...
[Error] Not enough data points in file: em01_125132_020_LightCurve_00201_c010_rebinned.fits
Progress: 100/1000 (10.0%) - 241.6 curves/sec - Est. remaining: 3.7 sec
[Warning] Failed to compute stetson_k for file: em01_087156_020_LightCurve_00371_c010_rebinned.fits, Error: feature value is undefined for a flat time series
Progress: 200/1000 (20.0%) - 203.8 curves/sec - Est. remaining: 3.9 sec
[Warning] Failed to compute stetson_k for file: em01_087156_020_LightCurve_01434_c010_rebinned.fits, Error: feature value is undefined for a flat time series
Progress: 300/1000 (30.0%) - 217.5 curves/sec - Est. remaining: 3.2 sec
[Warning] Failed to compute stetson_k for file: em01_090159_020_LightCurve_01837_c010_rebinned.fits, Error: feature value is undefined for a flat time series
Progress: 400/1000 (40.0%) - 233.7 curves/sec - Est. remaining: 2.6 sec
[Warning] Failed to compute stetson_k for file: em01_087156_020_LightCurve_00847_c010_rebinned.fits, Error: feature value is undefined for a flat time series
Progress: 500/1000 (50.0%) - 242.2 curves/sec - Est. remaining: 2.1 sec
[Warning] Failed to compute stetson_k for file: em01_080156_020_LightCurve_00923_c010_rebinned.fits, Error: feature value is undefined for a flat time series
Progress: 600/1000 (60.0%) - 244.9 curves/sec - Est. remaining: 1.6 sec
Progress: 700/1000 (70.0%) - 251.1 curves/sec - Est. remaining: 1.2 sec
Progress: 800/1000 (80.0%) - 255.1 curves/sec - Est. remaining: 0.8 sec
Progress: 900/1000 (90.0%) - 248.0 curves/sec - Est. remaining: 0.4 sec
[Warning] Failed to compute stetson_k for file: em01_090159_020_LightCurve_01481_c010_rebinned.fits, Error: feature value is undefined for a flat time series
[Warning] Failed to compute stetson_k for file: em01_093156_020_LightCurve_01128_c010_rebinned.fits, Error: feature value is undefined for a flat time series
[Warning] Failed to compute stetson_k for file: em01_087156_020_LightCurve_00297_c010_rebinned.fits, Error: feature value is undefined for a flat time series
Feature extraction completed in 4.01 seconds

Saving features to /orcd/home/002/pdong/Astro UROP/z New Feature Extraction Pipeline/data/1000/processed/light_curve_features.pkl...

Feature extraction completed successfully:
- Processed 999 light curves
- Features saved to /orcd/home/002/pdong/Astro UROP/z New Feature Extraction Pipeline/data/1000/processed/light_curve_features.pkl

Sample of extracted features:
File: em01_161096_020_LightCurve_00001_c010_rebinned.fits
- weighted_mean: 4.842239
- weighted_variance: 0.424952
- lag1_autocorr: -0.435048
- hurst_exp: 0.500000
- mean_rise_fall_ratio: 1.000000
- beyond1std: 0.200000
- stetson_k: 0.941958
- excess_var: 0.013216
- mean_var: 0.196565

Feature extraction success rate: 99.9%
Note: Some light curves were skipped due to errors. Check the log for details.
